[ERROR] /D:/workspace/QTCTest/projects/Codebuddy/mall/mall-common/src/main/java/com/macro/mall/common/api/CouponUseStatus.java:[4,4] 编码 UTF-8 的不可映射字符 (0xD3)
[ERROR] /D:/workspace/QTCTest/projects/Codebuddy/mall/mall-common/src/main/java/com/macro/mall/common/api/CouponUseStatus.java:[4,6] 编码 UTF-8 的不可映射字符 (0xDD)
[ERROR] /D:/workspace/QTCTest/projects/Codebuddy/mall/mall-common/src/main/java/com/macro/mall/common/api/CouponUseStatus.java:[4,8] 编码 UTF-8 的不可映射字符 (0xCB)
[ERROR] /D:/workspace/QTCTest/projects/Codebuddy/mall/mall-common/src/main/java/com/macro/mall/common/api/CouponUseStatus.java:[4,9] 编码 UTF-8 的不可映射字符 (0xC4)
[ERROR] /D:/workspace/QTCTest/projects/Codebuddy/mall/mall-common/src/main/java/com/macro/mall/common/api/CouponUseStatus.java:[4,13] 编码 UTF-8 的不可映射字符 (0xBE)
[ERROR] /D:/workspace/QTCTest/projects/Codebuddy/mall/mall-common/src/main/java/com/macro/mall/common/api/CouponUseStatus.java:[4,14] 编码 UTF-8 的不可映射字符 (0xD9)
[ERROR] /D:/workspace/QTCTest/projects/Codebuddy/mall/mall-common/src/main/java/com/macro/mall/common/api/CouponUseStatus.java:[6,6] 编码 UTF-8 的不可映射字符 (0xC1)
[ERROR] /D:/workspace/QTCTest/projects/Codebuddy/mall/mall-common/src/main/java/com/macro/mall/common/api/CouponUseStatus.java:[6,7] 编码 UTF-8 的不可映射字符 (0xF7)
[ERROR] /D:/workspace/QTCTest/projects/Codebuddy/mall/mall-common/src/main/java/com/macro/mall/common/api/CouponUseStatus.java:[6,11] 编码 UTF-8 的不可映射字符 (0xD2)
[ERROR] /D:/workspace/QTCTest/projects/Codebuddy/mall/mall-common/src/main/java/com/macro/mall/common/api/CouponUseStatus.java:[6,13] 编码 UTF-8 的不可映射字符 (0xB4)
[ERROR] /D:/workspace/QTCTest/projects/Codebuddy/mall/mall-common/src/main/java/com/macro/mall/common/api/CouponUseStatus.java:[6,14] 编码 UTF-8 的不可映射字符 (0xBD)
[ERROR] /D:/workspace/QTCTest/projects/Codebuddy/mall/mall-common/src/main/java/com/macro/mall/common/api/CouponUseStatus.java:[6,15] 编码 UTF-8 的不可映射字符 (0xA8)
[ERROR] /D:/workspace/QTCTest/projects/Codebuddy/mall/mall-common/src/main/java/com/macro/mall/common/api/CouponUseStatus.java:[6,17] 编码 UTF-8 的不可映射字符 (0xA1)
[ERROR] /D:/workspace/QTCTest/projects/Codebuddy/mall/mall-common/src/main/java/com/macro/mall/common/api/CouponUseStatus.java:[6,18] 编码 UTF-8 的不可映射字符 (0xFA)
[ERROR] /D:/workspace/QTCTest/projects/Codebuddy/mall/mall-common/src/main/java/com/macro/mall/common/api/CouponUseStatus.java:[6,20] 编码 UTF-8 的不可映射字符 (0xD2)
[ERROR] /D:/workspace/QTCTest/projects/Codebuddy/mall/mall-common/src/main/java/com/macro/mall/common/api/CouponUseStatus.java:[6,22] 编码 UTF-8 的不可映射字符 (0xA2)
[ERROR] /D:/workspace/QTCTest/projects/Codebuddy/mall/mall-common/src/main/java/com/macro/mall/common/api/CouponUseStatus.java:[6,23] 编码 UTF-8 的不可映射字符 (0xB7)
[ERROR] /D:/workspace/QTCTest/projects/Codebuddy/mall/mall-common/src/main/java/com/macro/mall/common/api/CouponUseStatus.java:[6,24] 编码 UTF-8 的不可映射字符 (0xC5)
[ERROR] /D:/workspace/QTCTest/projects/Codebuddy/mall/mall-common/src/main/java/com/macro/mall/common/api/CouponUseStatus.java:[6,26] 编码 UTF-8 的不可映射字符 (0xA1)
[ERROR] /D:/workspace/QTCTest/projects/Codebuddy/mall/mall-common/src/main/java/com/macro/mall/common/api/CouponUseStatus.java:[6,27] 编码 UTF-8 的不可映射字符 (0xFA)
[ERROR] /D:/workspace/QTCTest/projects/Codebuddy/mall/mall-common/src/main/java/com/macro/mall/common/api/CouponUseStatus.java:[6,29] 编码 UTF-8 的不可映射字符 (0xD2)
[ERROR] /D:/workspace/QTCTest/projects/Codebuddy/mall/mall-common/src/main/java/com/macro/mall/common/api/CouponUseStatus.java:[6,31] 编码 UTF-8 的不可映射字符 (0xCB)
[ERROR] /D:/workspace/QTCTest/projects/Codebuddy/mall/mall-common/src/main/java/com/macro/mall/common/api/CouponUseStatus.java:[6,32] 编码 UTF-8 的不可映射字符 (0xCF)
[ERROR] /D:/workspace/QTCTest/projects/Codebuddy/mall/mall-common/src/main/java/com/macro/mall/common/api/CouponUseStatus.java:[6,33] 编码 UTF-8 的不可映射字符 (0xFA)
[ERROR] /D:/workspace/QTCTest/projects/Codebuddy/mall/mall-common/src/main/java/com/macro/mall/common/api/CouponUseStatus.java:[7,23] 编码 UTF-8 的不可映射字符 (0xA8)
[ERROR] /D:/workspace/QTCTest/projects/Codebuddy/mall/mall-common/src/main/java/com/macro/mall/common/api/CouponUseStatus.java:[7,26] 编码 UTF-8 的不可映射字符 (0xD2)
[ERROR] /D:/workspace/QTCTest/projects/Codebuddy/mall/mall-common/src/main/java/com/macro/mall/common/api/CouponUseStatus.java:[7,28] 编码 UTF-8 的不可映射字符 (0xFD)
[ERROR] /D:/workspace/QTCTest/projects/Codebuddy/mall/mall-common/src/main/java/com/macro/mall/common/api/CouponUseStatus.java:[7,29] 编码 UTF-8 的不可映射字符 (0xC6)
[ERROR] /D:/workspace/QTCTest/projects/Codebuddy/mall/mall-common/src/main/java/com/macro/mall/common/api/CouponUseStatus.java:[7,30] 编码 UTF-8 的不可映射字符 (0xDA)
[ERROR] /D:/workspace/QTCTest/projects/Codebuddy/mall/mall-common/src/main/java/com/macro/mall/common/api/CouponUseStatus.java:[14,9] 编码 UTF-8 的不可映射字符 (0xD2)
[ERROR] /D:/workspace/QTCTest/projects/Codebuddy/mall/mall-common/src/main/java/com/macro/mall/common/api/CouponUseStatus.java:[14,11] 编码 UTF-8 的不可映射字符 (0xB4)
[ERROR] /D:/workspace/QTCTest/projects/Codebuddy/mall/mall-common/src/main/java/com/macro/mall/common/api/CouponUseStatus.java:[14,12] 编码 UTF-8 的不可映射字符 (0xBD)
[ERROR] /D:/workspace/QTCTest/projects/Codebuddy/mall/mall-common/src/main/java/com/macro/mall/common/api/CouponUseStatus.java:[14,13] 编码 UTF-8 的不可映射字符 (0xA8)
[ERROR] /D:/workspace/QTCTest/projects/Codebuddy/mall/mall-common/src/main/java/com/macro/mall/common/api/CouponUseStatus.java:[14,15] 编码 UTF-8 的不可映射字符 (0xD2)
[ERROR] /D:/workspace/QTCTest/projects/Codebuddy/mall/mall-common/src/main/java/com/macro/mall/common/api/CouponUseStatus.java:[14,16] 编码 UTF-8 的不可映射字符 (0xD1)
[ERROR] /D:/workspace/QTCTest/projects/Codebuddy/mall/mall-common/src/main/java/com/macro/mall/common/api/CouponUseStatus.java:[14,17] 编码 UTF-8 的不可映射字符 (0xC1)
[ERROR] /D:/workspace/QTCTest/projects/Codebuddy/mall/mall-common/src/main/java/com/macro/mall/common/api/CouponUseStatus.java:[14,18] 编码 UTF-8 的不可映射字符 (0xEC)
[ERROR] /D:/workspace/QTCTest/projects/Codebuddy/mall/mall-common/src/main/java/com/macro/mall/common/api/CouponUseStatus.java:[14,20] 编码 UTF-8 的不可映射字符 (0xA3)
[ERROR] /D:/workspace/QTCTest/projects/Codebuddy/mall/mall-common/src/main/java/com/macro/mall/common/api/CouponUseStatus.java:[14,21] 编码 UTF-8 的不可映射字符 (0xAC)
[ERROR] /D:/workspace/QTCTest/projects/Codebuddy/mall/mall-common/src/main/java/com/macro/mall/common/api/CouponUseStatus.java:[14,22] 编码 UTF-8 的不可映射字符 (0xB4)
[ERROR] /D:/workspace/QTCTest/projects/Codebuddy/mall/mall-common/src/main/java/com/macro/mall/common/api/CouponUseStatus.java:[14,23] 编码 UTF-8 的不可映射字符 (0xFD)
[ERROR] /D:/workspace/QTCTest/projects/Codebuddy/mall/mall-common/src/main/java/com/macro/mall/common/api/CouponUseStatus.java:[14,24] 编码 UTF-8 的不可映射字符 (0xC9)
[ERROR] /D:/workspace/QTCTest/projects/Codebuddy/mall/mall-common/src/main/java/com/macro/mall/common/api/CouponUseStatus.java:[14,25] 编码 UTF-8 的不可映射字符 (0xFA)
[ERROR] /D:/workspace/QTCTest/projects/Codebuddy/mall/mall-common/src/main/java/com/macro/mall/common/api/CouponUseStatus.java:[16,9] 编码 UTF-8 的不可映射字符 (0xD2)
[ERROR] /D:/workspace/QTCTest/projects/Codebuddy/mall/mall-common/src/main/java/com/macro/mall/common/api/CouponUseStatus.java:[16,11] 编码 UTF-8 的不可映射字符 (0xA2)
[ERROR] /D:/workspace/QTCTest/projects/Codebuddy/mall/mall-common/src/main/java/com/macro/mall/common/api/CouponUseStatus.java:[16,12] 编码 UTF-8 的不可映射字符 (0xB7)
[ERROR] /D:/workspace/QTCTest/projects/Codebuddy/mall/mall-common/src/main/java/com/macro/mall/common/api/CouponUseStatus.java:[16,13] 编码 UTF-8 的不可映射字符 (0xC5)
[ERROR] /D:/workspace/QTCTest/projects/Codebuddy/mall/mall-common/src/main/java/com/macro/mall/common/api/CouponUseStatus.java:[16,15] 编码 UTF-8 的不可映射字符 (0xBF)
[ERROR] /D:/workspace/QTCTest/projects/Codebuddy/mall/mall-common/src/main/java/com/macro/mall/common/api/CouponUseStatus.java:[16,16] 编码 UTF-8 的不可映射字符 (0xC9)
[ERROR] /D:/workspace/QTCTest/projects/Codebuddy/mall/mall-common/src/main/java/com/macro/mall/common/api/CouponUseStatus.java:[16,18] 编码 UTF-8 的不可映射字符 (0xD3)
[ERROR] /D:/workspace/QTCTest/projects/Codebuddy/mall/mall-common/src/main/java/com/macro/mall/common/api/CouponUseStatus.java:[16,20] 编码 UTF-8 的不可映射字符 (0xAC)
[ERROR] /D:/workspace/QTCTest/projects/Codebuddy/mall/mall-common/src/main/java/com/macro/mall/common/api/CouponUseStatus.java:[16,21] 编码 UTF-8 的不可映射字符 (0xC9)
[ERROR] /D:/workspace/QTCTest/projects/Codebuddy/mall/mall-common/src/main/java/com/macro/mall/common/api/CouponUseStatus.java:[16,22] 编码 UTF-8 的不可映射字符 (0xFA)
[ERROR] /D:/workspace/QTCTest/projects/Codebuddy/mall/mall-common/src/main/java/com/macro/mall/common/api/CouponUseStatus.java:[16,24] 编码 UTF-8 的不可映射字符 (0xD6)
[ERROR] /D:/workspace/QTCTest/projects/Codebuddy/mall/mall-common/src/main/java/com/macro/mall/common/api/CouponUseStatus.java:[16,25] 编码 UTF-8 的不可映射字符 (0xD0)
[ERROR] /D:/workspace/QTCTest/projects/Codebuddy/mall/mall-common/src/main/java/com/macro/mall/common/api/CouponUseStatus.java:[18,9] 编码 UTF-8 的不可映射字符 (0xD2)
[ERROR] /D:/workspace/QTCTest/projects/Codebuddy/mall/mall-common/src/main/java/com/macro/mall/common/api/CouponUseStatus.java:[18,11] 编码 UTF-8 的不可映射字符 (0xCB)
[ERROR] /D:/workspace/QTCTest/projects/Codebuddy/mall/mall-common/src/main/java/com/macro/mall/common/api/CouponUseStatus.java:[18,12] 编码 UTF-8 的不可映射字符 (0xCF)
[ERROR] /D:/workspace/QTCTest/projects/Codebuddy/mall/mall-common/src/main/java/com/macro/mall/common/api/CouponUseStatus.java:[18,13] 编码 UTF-8 的不可映射字符 (0xFA)
[ERROR] /D:/workspace/QTCTest/projects/Codebuddy/mall/mall-common/src/main/java/com/macro/mall/common/api/CouponUseStatus.java:[18,15] 编码 UTF-8 的不可映射字符 (0xD2)
[ERROR] /D:/workspace/QTCTest/projects/Codebuddy/mall/mall-common/src/main/java/com/macro/mall/common/api/CouponUseStatus.java:[18,16] 编码 UTF-8 的不可映射字符 (0xD1)
[ERROR] /D:/workspace/QTCTest/projects/Codebuddy/mall/mall-common/src/main/java/com/macro/mall/common/api/CouponUseStatus.java:[18,18] 编码 UTF-8 的不可映射字符 (0xD3)
[ERROR] /D:/workspace/QTCTest/projects/Codebuddy/mall/mall-common/src/main/java/com/macro/mall/common/api/CouponUseStatus.java:[18,19] 编码 UTF-8 的不可映射字符 (0xC3)
[ERROR] /D:/workspace/QTCTest/projects/Codebuddy/mall/mall-common/src/main/java/com/macro/mall/common/api/CouponUseStatus.java:[20,9] 编码 UTF-8 的不可映射字符 (0xD2)
[ERROR] /D:/workspace/QTCTest/projects/Codebuddy/mall/mall-common/src/main/java/com/macro/mall/common/api/CouponUseStatus.java:[20,11] 编码 UTF-8 的不可映射字符 (0xFD)
[ERROR] /D:/workspace/QTCTest/projects/Codebuddy/mall/mall-common/src/main/java/com/macro/mall/common/api/CouponUseStatus.java:[20,12] 编码 UTF-8 的不可映射字符 (0xC6)
[ERROR] /D:/workspace/QTCTest/projects/Codebuddy/mall/mall-common/src/main/java/com/macro/mall/common/api/CouponUseStatus.java:[20,13] 编码 UTF-8 的不可映射字符 (0xDA)
[ERROR] /D:/workspace/QTCTest/projects/Codebuddy/mall/mall-common/src/main/java/com/macro/mall/common/api/CouponUseStatus.java:[23,9] 编码 UTF-8 的不可映射字符 (0xD3)
[ERROR] /D:/workspace/QTCTest/projects/Codebuddy/mall/mall-common/src/main/java/com/macro/mall/common/api/CouponUseStatus.java:[23,11] 编码 UTF-8 的不可映射字符 (0xDD)
[ERROR] /D:/workspace/QTCTest/projects/Codebuddy/mall/mall-common/src/main/java/com/macro/mall/common/api/CouponUseStatus.java:[23,14] 编码 UTF-8 的不可映射字符 (0xB0)
[ERROR] /D:/workspace/QTCTest/projects/Codebuddy/mall/mall-common/src/main/java/com/macro/mall/common/api/CouponUseStatus.java:[23,15] 编码 UTF-8 的不可映射字符 (0xE5)
[ERROR] /D:/workspace/QTCTest/projects/Codebuddy/mall/mall-common/src/main/java/com/macro/mall/common/api/CouponUseStatus.java:[23,18] 编码 UTF-8 的不可映射字符 (0xA3)
[ERROR] /D:/workspace/QTCTest/projects/Codebuddy/mall/mall-common/src/main/java/com/macro/mall/common/api/CouponUseStatus.java:[23,19] 编码 UTF-8 的不可映射字符 (0xBA)
[ERROR] /D:/workspace/QTCTest/projects/Codebuddy/mall/mall-common/src/main/java/com/macro/mall/common/api/CouponUseStatus.java:[23,20] 编码 UTF-8 的不可映射字符 (0xB4)
[ERROR] /D:/workspace/QTCTest/projects/Codebuddy/mall/mall-common/src/main/java/com/macro/mall/common/api/CouponUseStatus.java:[23,21] 编码 UTF-8 的不可映射字符 (0xB4)
[ERROR] /D:/workspace/QTCTest/projects/Codebuddy/mall/mall-common/src/main/java/com/macro/mall/common/api/CouponUseStatus.java:[23,22] 编码 UTF-8 的不可映射字符 (0xBD)
[ERROR] /D:/workspace/QTCTest/projects/Codebuddy/mall/mall-common/src/main/java/com/macro/mall/common/api/CouponUseStatus.java:[23,23] 编码 UTF-8 的不可映射字符 (0xA8)
[ERROR] /D:/workspace/QTCTest/projects/Codebuddy/mall/mall-common/src/main/java/com/macro/mall/common/api/CouponUseStatus.java:[23,24] 编码 UTF-8 的不可映射字符 (0xA3)
[ERROR] /D:/workspace/QTCTest/projects/Codebuddy/mall/mall-common/src/main/java/com/macro/mall/common/api/CouponUseStatus.java:[23,25] 编码 UTF-8 的不可映射字符 (0xA8)
[ERROR] /D:/workspace/QTCTest/projects/Codebuddy/mall/mall-common/src/main/java/com/macro/mall/common/api/CouponUseStatus.java:[23,27] 编码 UTF-8 的不可映射字符 (0xB7)
[ERROR] /D:/workspace/QTCTest/projects/Codebuddy/mall/mall-common/src/main/java/com/macro/mall/common/api/CouponUseStatus.java:[23,28] 编码 UTF-8 的不可映射字符 (0xA2)
[ERROR] /D:/workspace/QTCTest/projects/Codebuddy/mall/mall-common/src/main/java/com/macro/mall/common/api/CouponUseStatus.java:[23,29] 编码 UTF-8 的不可映射字符 (0xB7)
[ERROR] /D:/workspace/QTCTest/projects/Codebuddy/mall/mall-common/src/main/java/com/macro/mall/common/api/CouponUseStatus.java:[23,31] 编码 UTF-8 的不可映射字符 (0xA9)
[ERROR] /D:/workspace/QTCTest/projects/Codebuddy/mall/mall-common/src/main/java/com/macro/mall/common/api/CouponUseStatus.java:[25,9] 编码 UTF-8 的不可映射字符 (0xD3)
[ERROR] /D:/workspace/QTCTest/projects/Codebuddy/mall/mall-common/src/main/java/com/macro/mall/common/api/CouponUseStatus.java:[25,11] 编码 UTF-8 的不可映射字符 (0xDD)
[ERROR] /D:/workspace/QTCTest/projects/Codebuddy/mall/mall-common/src/main/java/com/macro/mall/common/api/CouponUseStatus.java:[25,14] 编码 UTF-8 的不可映射字符 (0xB0)
[ERROR] /D:/workspace/QTCTest/projects/Codebuddy/mall/mall-common/src/main/java/com/macro/mall/common/api/CouponUseStatus.java:[25,15] 编码 UTF-8 的不可映射字符 (0xE5)
[ERROR] /D:/workspace/QTCTest/projects/Codebuddy/mall/mall-common/src/main/java/com/macro/mall/common/api/CouponUseStatus.java:[25,18] 编码 UTF-8 的不可映射字符 (0xA3)
[ERROR] /D:/workspace/QTCTest/projects/Codebuddy/mall/mall-common/src/main/java/com/macro/mall/common/api/CouponUseStatus.java:[25,19] 编码 UTF-8 的不可映射字符 (0xBA)
[ERROR] /D:/workspace/QTCTest/projects/Codebuddy/mall/mall-common/src/main/java/com/macro/mall/common/api/CouponUseStatus.java:[25,20] 编码 UTF-8 的不可映射字符 (0xD2)
[ERROR] /D:/workspace/QTCTest/projects/Codebuddy/mall/mall-common/src/main/java/com/macro/mall/common/api/CouponUseStatus.java:[25,22] 编码 UTF-8 的不可映射字符 (0xA2)
[ERROR] /D:/workspace/QTCTest/projects/Codebuddy/mall/mall-common/src/main/java/com/macro/mall/common/api/CouponUseStatus.java:[25,23] 编码 UTF-8 的不可映射字符 (0xB7)
[ERROR] /D:/workspace/QTCTest/projects/Codebuddy/mall/mall-common/src/main/java/com/macro/mall/common/api/CouponUseStatus.java:[25,24] 编码 UTF-8 的不可映射字符 (0xC5)
[ERROR] /D:/workspace/QTCTest/projects/Codebuddy/mall/mall-common/src/main/java/com/macro/mall/common/api/CouponUseStatus.java:[29,8] 编码 UTF-8 的不可映射字符 (0xC5)
[ERROR] /D:/workspace/QTCTest/projects/Codebuddy/mall/mall-common/src/main/java/com/macro/mall/common/api/CouponUseStatus.java:[29,10] 编码 UTF-8 的不可映射字符 (0xCF)
[ERROR] /D:/workspace/QTCTest/projects/Codebuddy/mall/mall-common/src/main/java/com/macro/mall/common/api/CouponUseStatus.java:[29,11] 编码 UTF-8 的不可映射字符 (0xCA)
[ERROR] /D:/workspace/QTCTest/projects/Codebuddy/mall/mall-common/src/main/java/com/macro/mall/common/api/CouponUseStatus.java:[29,13] 编码 UTF-8 的不可映射字符 (0xF1)
[ERROR] /D:/workspace/QTCTest/projects/Codebuddy/mall/mall-common/src/main/java/com/macro/mall/common/api/CouponUseStatus.java:[29,15] 编码 UTF-8 的不可映射字符 (0xD3)
[ERROR] /D:/workspace/QTCTest/projects/Codebuddy/mall/mall-common/src/main/java/com/macro/mall/common/api/CouponUseStatus.java:[29,16] 编码 UTF-8 的不可映射字符 (0xD0)
[ERROR] /D:/workspace/QTCTest/projects/Codebuddy/mall/mall-common/src/main/java/com/macro/mall/common/api/CouponUseStatus.java:[29,18] 编码 UTF-8 的不可映射字符 (0xBF)
[ERROR] /D:/workspace/QTCTest/projects/Codebuddy/mall/mall-mbg/src/main/java/com/macro/mall/model/SmsCoupon.java:[11,22] 编码 UTF-8 的不可映射字符 (0xD3)
[ERROR] /D:/workspace/QTCTest/projects/Codebuddy/mall/mall-mbg/src/main/java/com/macro/mall/model/SmsCoupon.java:[11,24] 编码 UTF-8 的不可映射字符 (0xDD)
[ERROR] /D:/workspace/QTCTest/projects/Codebuddy/mall/mall-mbg/src/main/java/com/macro/mall/model/SmsCoupon.java:[11,26] 编码 UTF-8 的不可映射字符 (0xC0)
[ERROR] /D:/workspace/QTCTest/projects/Codebuddy/mall/mall-mbg/src/main/java/com/macro/mall/model/SmsCoupon.java:[11,27] 编码 UTF-8 的不可映射字符 (0xE0)
[ERROR] /D:/workspace/QTCTest/projects/Codebuddy/mall/mall-mbg/src/main/java/com/macro/mall/model/SmsCoupon.java:[11,28] 编码 UTF-8 的不可映射字符 (0xD0)
[ERROR] /D:/workspace/QTCTest/projects/Codebuddy/mall/mall-mbg/src/main/java/com/macro/mall/model/SmsCoupon.java:[11,30] 编码 UTF-8 的不可映射字符 (0xBB)
[ERROR] /D:/workspace/QTCTest/projects/Codebuddy/mall/mall-mbg/src/main/java/com/macro/mall/model/SmsCoupon.java:[11,35] 编码 UTF-8 的不可映射字符 (0xB3)
[ERROR] /D:/workspace/QTCTest/projects/Codebuddy/mall/mall-mbg/src/main/java/com/macro/mall/model/SmsCoupon.java:[11,36] 编码 UTF-8 的不可映射字符 (0xA1)
[ERROR] /D:/workspace/QTCTest/projects/Codebuddy/mall/mall-mbg/src/main/java/com/macro/mall/model/SmsCoupon.java:[11,37] 编码 UTF-8 的不可映射字符 (0xD4)
[ERROR] /D:/workspace/QTCTest/projects/Codebuddy/mall/mall-mbg/src/main/java/com/macro/mall/model/SmsCoupon.java:[11,38] 编码 UTF-8 的不可映射字符 (0xF9)
[ERROR] /D:/workspace/QTCTest/projects/Codebuddy/mall/mall-mbg/src/main/java/com/macro/mall/model/SmsCoupon.java:[11,40] 编码 UTF-8 的不可映射字符 (0xA3)
[ERROR] /D:/workspace/QTCTest/projects/Codebuddy/mall/mall-mbg/src/main/java/com/macro/mall/model/SmsCoupon.java:[11,41] 编码 UTF-8 的不可映射字符 (0xBB)
[ERROR] /D:/workspace/QTCTest/projects/Codebuddy/mall/mall-mbg/src/main/java/com/macro/mall/model/SmsCoupon.java:[11,45] 编码 UTF-8 的不可映射字符 (0xBB)
[ERROR] /D:/workspace/QTCTest/projects/Codebuddy/mall/mall-mbg/src/main/java/com/macro/mall/model/SmsCoupon.java:[11,46] 编码 UTF-8 的不可映射字符 (0xE1)
[ERROR] /D:/workspace/QTCTest/projects/Codebuddy/mall/mall-mbg/src/main/java/com/macro/mall/model/SmsCoupon.java:[11,48] 编码 UTF-8 的不可映射字符 (0xD4)
[ERROR] /D:/workspace/QTCTest/projects/Codebuddy/mall/mall-mbg/src/main/java/com/macro/mall/model/SmsCoupon.java:[11,49] 编码 UTF-8 的不可映射字符 (0xF9)
[ERROR] /D:/workspace/QTCTest/projects/Codebuddy/mall/mall-mbg/src/main/java/com/macro/mall/model/SmsCoupon.java:[11,51] 编码 UTF-8 的不可映射字符 (0xA3)
[ERROR] /D:/workspace/QTCTest/projects/Codebuddy/mall/mall-mbg/src/main/java/com/macro/mall/model/SmsCoupon.java:[11,52] 编码 UTF-8 的不可映射字符 (0xBB)
[ERROR] /D:/workspace/QTCTest/projects/Codebuddy/mall/mall-mbg/src/main/java/com/macro/mall/model/SmsCoupon.java:[11,56] 编码 UTF-8 的不可映射字符 (0xB9)
[ERROR] /D:/workspace/QTCTest/projects/Codebuddy/mall/mall-mbg/src/main/java/com/macro/mall/model/SmsCoupon.java:[11,57] 编码 UTF-8 的不可映射字符 (0xBA)
[ERROR] /D:/workspace/QTCTest/projects/Codebuddy/mall/mall-mbg/src/main/java/com/macro/mall/model/SmsCoupon.java:[11,58] 编码 UTF-8 的不可映射字符 (0xCE)
[ERROR] /D:/workspace/QTCTest/projects/Codebuddy/mall/mall-mbg/src/main/java/com/macro/mall/model/SmsCoupon.java:[11,59] 编码 UTF-8 的不可映射字符 (0xEF)
[ERROR] /D:/workspace/QTCTest/projects/Codebuddy/mall/mall-mbg/src/main/java/com/macro/mall/model/SmsCoupon.java:[11,60] 编码 UTF-8 的不可映射字符 (0xD4)
[ERROR] /D:/workspace/QTCTest/projects/Codebuddy/mall/mall-mbg/src/main/java/com/macro/mall/model/SmsCoupon.java:[11,61] 编码 UTF-8 的不可映射字符 (0xF9)
[ERROR] /D:/workspace/QTCTest/projects/Codebuddy/mall/mall-mbg/src/main/java/com/macro/mall/model/SmsCoupon.java:[11,63] 编码 UTF-8 的不可映射字符 (0xA3)
[ERROR] /D:/workspace/QTCTest/projects/Codebuddy/mall/mall-mbg/src/main/java/com/macro/mall/model/SmsCoupon.java:[11,64] 编码 UTF-8 的不可映射字符 (0xBB)
[ERROR] /D:/workspace/QTCTest/projects/Codebuddy/mall/mall-mbg/src/main/java/com/macro/mall/model/SmsCoupon.java:[11,69] 编码 UTF-8 的不可映射字符 (0xB2)
[ERROR] /D:/workspace/QTCTest/projects/Codebuddy/mall/mall-mbg/src/main/java/com/macro/mall/model/SmsCoupon.java:[11,70] 编码 UTF-8 的不可映射字符 (0xE1)
[ERROR] /D:/workspace/QTCTest/projects/Codebuddy/mall/mall-mbg/src/main/java/com/macro/mall/model/SmsCoupon.java:[11,71] 编码 UTF-8 的不可映射字符 (0xD4)
[ERROR] /D:/workspace/QTCTest/projects/Codebuddy/mall/mall-mbg/src/main/java/com/macro/mall/model/SmsCoupon.java:[11,72] 编码 UTF-8 的不可映射字符 (0xF9)
[ERROR] /D:/workspace/QTCTest/projects/Codebuddy/mall/mall-mbg/src/main/java/com/macro/mall/model/SmsCoupon.java:[16,23] 编码 UTF-8 的不可映射字符 (0xD3)
[ERROR] /D:/workspace/QTCTest/projects/Codebuddy/mall/mall-mbg/src/main/java/com/macro/mall/model/SmsCoupon.java:[16,24] 编码 UTF-8 的不可映射字符 (0xC3)
[ERROR] /D:/workspace/QTCTest/projects/Codebuddy/mall/mall-mbg/src/main/java/com/macro/mall/model/SmsCoupon.java:[16,27] 编码 UTF-8 的不可映射字符 (0xA3)
[ERROR] /D:/workspace/QTCTest/projects/Codebuddy/mall/mall-mbg/src/main/java/com/macro/mall/model/SmsCoupon.java:[16,28] 编码 UTF-8 的不可映射字符 (0xBA)
[ERROR] /D:/workspace/QTCTest/projects/Codebuddy/mall/mall-mbg/src/main/java/com/macro/mall/model/SmsCoupon.java:[16,33] 编码 UTF-8 的不可映射字符 (0xB2)
[ERROR] /D:/workspace/QTCTest/projects/Codebuddy/mall/mall-mbg/src/main/java/com/macro/mall/model/SmsCoupon.java:[16,34] 编码 UTF-8 的不可映射字符 (0xBF)
[ERROR] /D:/workspace/QTCTest/projects/Codebuddy/mall/mall-mbg/src/main/java/com/macro/mall/model/SmsCoupon.java:[16,35] 编码 UTF-8 的不可映射字符 (0xA3)
[ERROR] /D:/workspace/QTCTest/projects/Codebuddy/mall/mall-mbg/src/main/java/com/macro/mall/model/SmsCoupon.java:[16,36] 编码 UTF-8 的不可映射字符 (0xBB)
[ERROR] /D:/workspace/QTCTest/projects/Codebuddy/mall/mall-mbg/src/main/java/com/macro/mall/model/SmsCoupon.java:[16,40] 编码 UTF-8 的不可映射字符 (0xD2)
[ERROR] /D:/workspace/QTCTest/projects/Codebuddy/mall/mall-mbg/src/main/java/com/macro/mall/model/SmsCoupon.java:[16,42] 编码 UTF-8 的不可映射字符 (0xAF)
[ERROR] /D:/workspace/QTCTest/projects/Codebuddy/mall/mall-mbg/src/main/java/com/macro/mall/model/SmsCoupon.java:[16,43] 编码 UTF-8 的不可映射字符 (0xA3)
[ERROR] /D:/workspace/QTCTest/projects/Codebuddy/mall/mall-mbg/src/main/java/com/macro/mall/model/SmsCoupon.java:[16,44] 编码 UTF-8 的不可映射字符 (0xBB)
[ERROR] /D:/workspace/QTCTest/projects/Codebuddy/mall/mall-mbg/src/main/java/com/macro/mall/model/SmsCoupon.java:[19,22] 编码 UTF-8 的不可映射字符 (0xCA)
[ERROR] /D:/workspace/QTCTest/projects/Codebuddy/mall/mall-mbg/src/main/java/com/macro/mall/model/SmsCoupon.java:[19,23] 编码 UTF-8 的不可映射字符 (0xFD)
[ERROR] /D:/workspace/QTCTest/projects/Codebuddy/mall/mall-mbg/src/main/java/com/macro/mall/model/SmsCoupon.java:[19,24] 编码 UTF-8 的不可映射字符 (0xC1)
[ERROR] /D:/workspace/QTCTest/projects/Codebuddy/mall/mall-mbg/src/main/java/com/macro/mall/model/SmsCoupon.java:[19,25] 编码 UTF-8 的不可映射字符 (0xBF)
[ERROR] /D:/workspace/QTCTest/projects/Codebuddy/mall/mall-mbg/src/main/java/com/macro/mall/model/SmsCoupon.java:[22,22] 编码 UTF-8 的不可映射字符 (0xBD)
[ERROR] /D:/workspace/QTCTest/projects/Codebuddy/mall/mall-mbg/src/main/java/com/macro/mall/model/SmsCoupon.java:[22,23] 编码 UTF-8 的不可映射字符 (0xF0B6)
[ERROR] /D:/workspace/QTCTest/projects/Codebuddy/mall/mall-mbg/src/main/java/com/macro/mall/model/SmsCoupon.java:[22,24] 编码 UTF-8 的不可映射字符 (0xEE)
[ERROR] /D:/workspace/QTCTest/projects/Codebuddy/mall/mall-mbg/src/main/java/com/macro/mall/model/SmsCoupon.java:[25,23] 编码 UTF-8 的不可映射字符 (0xC8)
[ERROR] /D:/workspace/QTCTest/projects/Codebuddy/mall/mall-mbg/src/main/java/com/macro/mall/model/SmsCoupon.java:[25,24] 编码 UTF-8 的不可映射字符 (0xCB)
[ERROR] /D:/workspace/QTCTest/projects/Codebuddy/mall/mall-mbg/src/main/java/com/macro/mall/model/SmsCoupon.java:[25,25] 编码 UTF-8 的不可映射字符 (0xCF)
[ERROR] /D:/workspace/QTCTest/projects/Codebuddy/mall/mall-mbg/src/main/java/com/macro/mall/model/SmsCoupon.java:[25,26] 编码 UTF-8 的不可映射字符 (0xDE)
[ERROR] /D:/workspace/QTCTest/projects/Codebuddy/mall/mall-mbg/src/main/java/com/macro/mall/model/SmsCoupon.java:[25,27] 编码 UTF-8 的不可映射字符 (0xC1)
[ERROR] /D:/workspace/QTCTest/projects/Codebuddy/mall/mall-mbg/src/main/java/com/macro/mall/model/SmsCoupon.java:[25,28] 编码 UTF-8 的不可映射字符 (0xEC)
[ERROR] /D:/workspace/QTCTest/projects/Codebuddy/mall/mall-mbg/src/main/java/com/macro/mall/model/SmsCoupon.java:[25,29] 编码 UTF-8 的不可映射字符 (0xD5)
[ERROR] /D:/workspace/QTCTest/projects/Codebuddy/mall/mall-mbg/src/main/java/com/macro/mall/model/SmsCoupon.java:[25,30] 编码 UTF-8 的不可映射字符 (0xC5)
[ERROR] /D:/workspace/QTCTest/projects/Codebuddy/mall/mall-mbg/src/main/java/com/macro/mall/model/SmsCoupon.java:[25,31] 编码 UTF-8 的不可映射字符 (0xCA)
[ERROR] /D:/workspace/QTCTest/projects/Codebuddy/mall/mall-mbg/src/main/java/com/macro/mall/model/SmsCoupon.java:[25,32] 编码 UTF-8 的不可映射字符 (0xFD)
[ERROR] /D:/workspace/QTCTest/projects/Codebuddy/mall/mall-mbg/src/main/java/com/macro/mall/model/SmsCoupon.java:[28,23] 编码 UTF-8 的不可映射字符 (0xD3)
[ERROR] /D:/workspace/QTCTest/projects/Codebuddy/mall/mall-mbg/src/main/java/com/macro/mall/model/SmsCoupon.java:[28,24] 编码 UTF-8 的不可映射字符 (0xC3)
[ERROR] /D:/workspace/QTCTest/projects/Codebuddy/mall/mall-mbg/src/main/java/com/macro/mall/model/SmsCoupon.java:[28,25] 编码 UTF-8 的不可映射字符 (0xC3)
[ERROR] /D:/workspace/QTCTest/projects/Codebuddy/mall/mall-mbg/src/main/java/com/macro/mall/model/SmsCoupon.java:[28,27] 编码 UTF-8 的不可映射字符 (0xF7)
[ERROR] /D:/workspace/QTCTest/projects/Codebuddy/mall/mall-mbg/src/main/java/com/macro/mall/model/SmsCoupon.java:[28,28] 编码 UTF-8 的不可映射字符 (0xA3)
[ERROR] /D:/workspace/QTCTest/projects/Codebuddy/mall/mall-mbg/src/main/java/com/macro/mall/model/SmsCoupon.java:[28,29] 编码 UTF-8 的不可映射字符 (0xBB)
[ERROR] /D:/workspace/QTCTest/projects/Codebuddy/mall/mall-mbg/src/main/java/com/macro/mall/model/SmsCoupon.java:[28,31] 编码 UTF-8 的不可映射字符 (0xB1)
[ERROR] /D:/workspace/QTCTest/projects/Codebuddy/mall/mall-mbg/src/main/java/com/macro/mall/model/SmsCoupon.java:[28,32] 编码 UTF-8 的不可映射字符 (0xED)
[ERROR] /D:/workspace/QTCTest/projects/Codebuddy/mall/mall-mbg/src/main/java/com/macro/mall/model/SmsCoupon.java:[28,34] 编码 UTF-8 的不可映射字符 (0xCE)
[ERROR] /D:/workspace/QTCTest/projects/Codebuddy/mall/mall-mbg/src/main/java/com/macro/mall/model/SmsCoupon.java:[28,35] 编码 UTF-8 的不可映射字符 (0xDE)
[ERROR] /D:/workspace/QTCTest/projects/Codebuddy/mall/mall-mbg/src/main/java/com/macro/mall/model/SmsCoupon.java:[28,36] 编码 UTF-8 的不可映射字符 (0xC3)
[ERROR] /D:/workspace/QTCTest/projects/Codebuddy/mall/mall-mbg/src/main/java/com/macro/mall/model/SmsCoupon.java:[28,38] 编码 UTF-8 的不可映射字符 (0xF7)
[ERROR] /D:/workspace/QTCTest/projects/Codebuddy/mall/mall-mbg/src/main/java/com/macro/mall/model/SmsCoupon.java:[35,23] 编码 UTF-8 的不可映射字符 (0xD3)
[ERROR] /D:/workspace/QTCTest/projects/Codebuddy/mall/mall-mbg/src/main/java/com/macro/mall/model/SmsCoupon.java:[35,24] 编码 UTF-8 的不可映射字符 (0xC3)
[ERROR] /D:/workspace/QTCTest/projects/Codebuddy/mall/mall-mbg/src/main/java/com/macro/mall/model/SmsCoupon.java:[35,25] 编码 UTF-8 的不可映射字符 (0xC0)
[ERROR] /D:/workspace/QTCTest/projects/Codebuddy/mall/mall-mbg/src/main/java/com/macro/mall/model/SmsCoupon.java:[35,26] 编码 UTF-8 的不可映射字符 (0xE0)
[ERROR] /D:/workspace/QTCTest/projects/Codebuddy/mall/mall-mbg/src/main/java/com/macro/mall/model/SmsCoupon.java:[35,27] 编码 UTF-8 的不可映射字符 (0xD0)
[ERROR] /D:/workspace/QTCTest/projects/Codebuddy/mall/mall-mbg/src/main/java/com/macro/mall/model/SmsCoupon.java:[35,29] 编码 UTF-8 的不可映射字符 (0xBA)
[ERROR] /D:/workspace/QTCTest/projects/Codebuddy/mall/mall-mbg/src/main/java/com/macro/mall/model/SmsCoupon.java:[35,34] 编码 UTF-8 的不可映射字符 (0xB3)
[ERROR] /D:/workspace/QTCTest/projects/Codebuddy/mall/mall-mbg/src/main/java/com/macro/mall/model/SmsCoupon.java:[35,35] 编码 UTF-8 的不可映射字符 (0xA1)
[ERROR] /D:/workspace/QTCTest/projects/Codebuddy/mall/mall-mbg/src/main/java/com/macro/mall/model/SmsCoupon.java:[35,37] 编码 UTF-8 的不可映射字符 (0xD3)
[ERROR] /D:/workspace/QTCTest/projects/Codebuddy/mall/mall-mbg/src/main/java/com/macro/mall/model/SmsCoupon.java:[35,39] 编码 UTF-8 的不可映射字符 (0xBB)
[ERROR] /D:/workspace/QTCTest/projects/Codebuddy/mall/mall-mbg/src/main/java/com/macro/mall/model/SmsCoupon.java:[35,44] 编码 UTF-8 的不可映射字符 (0xB6)
[ERROR] /D:/workspace/QTCTest/projects/Codebuddy/mall/mall-mbg/src/main/java/com/macro/mall/model/SmsCoupon.java:[35,45] 编码 UTF-8 的不可映射字符 (0xA8)
[ERROR] /D:/workspace/QTCTest/projects/Codebuddy/mall/mall-mbg/src/main/java/com/macro/mall/model/SmsCoupon.java:[35,46] 编码 UTF-8 的不可映射字符 (0xB7)
[ERROR] /D:/workspace/QTCTest/projects/Codebuddy/mall/mall-mbg/src/main/java/com/macro/mall/model/SmsCoupon.java:[35,47] 编码 UTF-8 的不可映射字符 (0xD6)
[ERROR] /D:/workspace/QTCTest/projects/Codebuddy/mall/mall-mbg/src/main/java/com/macro/mall/model/SmsCoupon.java:[35,48] 编码 UTF-8 的不可映射字符 (0xC0)
[ERROR] /D:/workspace/QTCTest/projects/Codebuddy/mall/mall-mbg/src/main/java/com/macro/mall/model/SmsCoupon.java:[35,54] 编码 UTF-8 的不可映射字符 (0xB6)
[ERROR] /D:/workspace/QTCTest/projects/Codebuddy/mall/mall-mbg/src/main/java/com/macro/mall/model/SmsCoupon.java:[35,55] 编码 UTF-8 的不可映射字符 (0xA8)
[ERROR] /D:/workspace/QTCTest/projects/Codebuddy/mall/mall-mbg/src/main/java/com/macro/mall/model/SmsCoupon.java:[35,56] 编码 UTF-8 的不可映射字符 (0xC9)
[ERROR] /D:/workspace/QTCTest/projects/Codebuddy/mall/mall-mbg/src/main/java/com/macro/mall/model/SmsCoupon.java:[35,57] 编码 UTF-8 的不可映射字符 (0xCC)
[ERROR] /D:/workspace/QTCTest/projects/Codebuddy/mall/mall-mbg/src/main/java/com/macro/mall/model/SmsCoupon.java:[38,22] 编码 UTF-8 的不可映射字符 (0xB1)
[ERROR] /D:/workspace/QTCTest/projects/Codebuddy/mall/mall-mbg/src/main/java/com/macro/mall/model/SmsCoupon.java:[38,23] 编码 UTF-8 的不可映射字符 (0xB8)
[ERROR] /D:/workspace/QTCTest/projects/Codebuddy/mall/mall-mbg/src/main/java/com/macro/mall/model/SmsCoupon.java:[41,22] 编码 UTF-8 的不可映射字符 (0xB7)
[ERROR] /D:/workspace/QTCTest/projects/Codebuddy/mall/mall-mbg/src/main/java/com/macro/mall/model/SmsCoupon.java:[41,23] 编码 UTF-8 的不可映射字符 (0xA2)
[ERROR] /D:/workspace/QTCTest/projects/Codebuddy/mall/mall-mbg/src/main/java/com/macro/mall/model/SmsCoupon.java:[41,24] 编码 UTF-8 的不可映射字符 (0xD0)
[ERROR] /D:/workspace/QTCTest/projects/Codebuddy/mall/mall-mbg/src/main/java/com/macro/mall/model/SmsCoupon.java:[41,25] 编码 UTF-8 的不可映射字符 (0xD0)
[ERROR] /D:/workspace/QTCTest/projects/Codebuddy/mall/mall-mbg/src/main/java/com/macro/mall/model/SmsCoupon.java:[41,26] 编码 UTF-8 的不可映射字符 (0xCA)
[ERROR] /D:/workspace/QTCTest/projects/Codebuddy/mall/mall-mbg/src/main/java/com/macro/mall/model/SmsCoupon.java:[41,27] 编码 UTF-8 的不可映射字符 (0xFD)
[ERROR] /D:/workspace/QTCTest/projects/Codebuddy/mall/mall-mbg/src/main/java/com/macro/mall/model/SmsCoupon.java:[41,28] 编码 UTF-8 的不可映射字符 (0xC1)
[ERROR] /D:/workspace/QTCTest/projects/Codebuddy/mall/mall-mbg/src/main/java/com/macro/mall/model/SmsCoupon.java:[41,29] 编码 UTF-8 的不可映射字符 (0xBF)
